// Jest Snapshot v1, https://goo.gl/fbAQLP

exports[`App shallowmounts app 1`] = `
<div
  class="app"
>
  <the-navigation-drawer-stub />
   
  <div
    class="app__content"
  >
    <the-navigation-topbar-stub />
     
    <main>
      <router-view-stub
        name="default"
      />
    </main>
     
    <the-footer-stub />
  </div>
</div>
`;
