// Jest Snapshot v1, https://goo.gl/fbAQLP

exports[`TheNavigationTopbar renders correctly 1`] = `
<header
  class="oslo__navigation-topbar"
>
  <h1
    class="header"
  >
    Bydelsfakta – statistikk om befolkning, levekår og boforhold
  </h1>
   
  <div
    class="navigation-topbar navigation-topbar--hidden"
  >
    <!---->
     
    <!---->
  </div>
</header>
`;
