// Jest Snapshot v1, https://goo.gl/fbAQLP

exports[`VCategory renders correctly 1`] = `
<a
  bgcolor="black"
  class="main-container__item"
  id="test"
  link="/test"
>
  <picture>
    <source
      alt="test"
      srcset="test.webp"
      type="image/webp"
    />
     
    <source
      alt="test"
      srcset="test.png"
      type="image/png"
    />
     
    <img
      alt="test"
      aria-hidden="true"
      class="oslo__img"
      src="test.png"
    />
  </picture>
   
  <span
    class="oslo__category"
    style="background-color: white;"
  >
    test
  </span>
   
  <span
    class="oslo__topic"
  >
    test
  </span>
</a>
`;
