// Jest Snapshot v1, https://goo.gl/fbAQLP

exports[`Bydel renders component correctly 1`] = `
<div
  class="main-container"
>
  <div
    class="main-container__cards"
  >
    <div
      class="topics-grid"
    >
      <v-category-stub
        bgimage="/img/folkemengde"
        category="Befolkning"
        district="bydel"
        id="befolkningsutvikling"
        topic="Befolkningsutvikling"
        txtcolor="rgb(245, 173, 165)"
      />
      <v-category-stub
        bgimage="/img/folkemengde"
        category="Befolkning"
        district="bydel"
        id="befolkningsendringer"
        topic="Befolknings&shy;endringer"
        txtcolor="rgb(245, 173, 165)"
      />
      <v-category-stub
        bgimage="/img/alder"
        category="Befolkning"
        district="bydel"
        id="alder"
        topic="Kjønn og alder"
        txtcolor="rgb(245, 173, 165)"
      />
      <v-category-stub
        bgimage="/img/innvandring"
        category="Befolkning"
        district="bydel"
        id="innvandrerbefolkningen"
        topic="Personer med innvandrer&shy;bakgrunn"
        txtcolor="rgb(245, 173, 165)"
      />
      <v-category-stub
        bgimage="/img/husholdninger"
        category="Befolkning"
        district="bydel"
        id="husholdninger"
        topic="Husholdninger"
        txtcolor="rgb(245, 173, 165)"
      />
      <v-category-stub
        bgimage="/img/levekaar"
        category="Levekår"
        district="bydel"
        id="levekaar"
        topic="Levekårs&shy;indikatorer"
        txtcolor="rgb(244, 206, 138)"
      />
      <v-category-stub
        bgimage="/img/eieform"
        category="Boforhold"
        district="bydel"
        id="eierform"
        topic="Eierform"
        txtcolor="rgb(199, 247, 201)"
      />
      <v-category-stub
        bgimage="/img/bygningstyper"
        category="Boforhold"
        district="bydel"
        id="bygningstyper"
        topic="Bygningstyper"
        txtcolor="rgb(199, 247, 201)"
      />
      <v-category-stub
        bgimage="/img/boligpriser"
        category="Boforhold"
        district="bydel"
        id="boligpriser"
        topic="Boligpriser"
        txtcolor="rgb(199, 247, 201)"
      />
      <v-category-stub
        bgimage="/img/trangboddhet"
        category="Boforhold"
        district="bydel"
        id="trangboddhet"
        topic="Trangboddhet"
        txtcolor="rgb(199, 247, 201)"
      />
    </div>
  </div>
   
  <div
    class="main-container__description"
  />
</div>
`;
