// Jest Snapshot v1, https://goo.gl/fbAQLP

exports[`Topic renders component correctly 1`] = `
<div
  class="main-container"
>
  <div
    class="main-container__cards"
  >
    <graph-card-stub
      settings="[object Object]"
    />
    <graph-card-stub
      settings="[object Object]"
    />
    <graph-card-stub
      settings="[object Object]"
    />
     
    <div
      class="related"
    >
      <h2
        class="section-heading"
      >
        Se også
      </h2>
       
      <div
        class="topics-grid"
      >
        <v-category-stub
          bgimage="/img/folkemengde"
          category="Befolkning"
          id="befolkningsutvikling"
          topic="Befolkningsutvikling"
          txtcolor="rgb(245, 173, 165)"
        />
        <v-category-stub
          bgimage="/img/husholdninger"
          category="Befolkning"
          id="husholdninger"
          topic="Husholdninger"
          txtcolor="rgb(245, 173, 165)"
        />
        <v-category-stub
          bgimage="/img/levekaar"
          category="Levekår"
          id="levekaar"
          topic="Levekårs&shy;indikatorer"
          txtcolor="rgb(244, 206, 138)"
        />
      </div>
    </div>
  </div>
</div>
`;
